19:26:00 | INFO    | experiment 20260814-192555_m4_m3_smoke_seed42 started (seed=42)
19:26:00 | INFO    | STAGE 1/9  data, quality control, features, trajectories, folds
19:26:00 | INFO    | data source: raster_stack (synthetic development stacks)
19:26:00 | INFO    | grid 200x300, 36 time steps, CRS=EPSG:4326
19:26:00 | INFO    | usable 60000/60000 pixels; analysing 3000
19:26:02 | INFO    | 45 modelling features over 3000 pixels
19:26:02 | INFO    | trajectory classes: Stable 2700, Degrading 176, Recovering 12, Cyclic 20, Uncertain / Other 92
19:26:02 | INFO    | 190 model samples (40 per class requested) over 4 spatial folds, block_size=8
19:26:02 | INFO    | metrics written: dataset_metadata.json
19:26:02 | INFO    | metrics written: data_quality.json
19:26:02 | INFO    | metrics written: trajectory_summary.json
19:26:02 | INFO    | metrics written: experiment_summary.json
19:26:02 | INFO    | table written: feature_dictionary.csv
19:26:03 | INFO    | table written: feature_summary.csv
19:26:03 | INFO    | STAGE 2/9  georeferenced temporal-analysis layers
19:26:06 | INFO    | wrote 11 georeferenced layers and 6 maps
19:26:07 | INFO    | STAGE 3/9  leakage audit
19:26:08 | INFO    | leakage audit: 18 checks, all passed
19:26:08 | INFO    | STAGE 4/9  cyclicity surrogate-data significance
19:26:08 | INFO    | metrics written: cyclicity_surrogate_test.json
19:26:08 | INFO    | surrogate test (ar1 null): 5.8% significant at alpha=0.05 (threshold rule flags 2.1%); agreement 95.3%
19:26:08 | INFO    | STAGE 5/9  Random Forest, spatial block CV and uncertainty
19:26:08 | INFO    | metrics written: spatial_cv_metrics.json
19:26:09 | INFO    | RF spatial CV: accuracy 1.0000 | macro F1 1.0000 | fold macro F1 1.0000 +/- 0.0000
19:26:09 | INFO    | uncertainty: 0.5% flagged; accuracy confident 1.0 vs flagged 1.0
19:26:09 | INFO    | metrics written: random_split_baseline_metrics.json
19:26:10 | INFO    | table written: spatial_buffer_sensitivity.csv
19:26:10 | INFO    | buffer sensitivity: buffer=0 macro F1 1.0000
19:26:10 | INFO    | STAGE 6/9  map-wide prediction, confidence and vector exports
19:26:12 | INFO    | STAGE 7/9  explainability
19:26:17 | INFO    |   permutation importance (held-out folds), top 5: amp, break_dslope, break_gain, break_t, breakpoint_index
19:26:17 | INFO    |   SHAP: unavailable (optional dependency)
19:26:17 | INFO    | table written: rf_feature_importance.csv
19:26:18 | INFO    | STAGE 8/9  experiment matrix: baseline vs RF vs CNN vs proposed
19:26:18 | INFO    |   matrix baseline_trend (MK+Sen rule): macro F1 0.9621, recall on degradation 1.0000
19:26:19 | INFO    |   matrix rf_basic: binary macro F1 0.9842 | multiclass macro F1 0.9701
19:26:20 | INFO    |   matrix rf_proposed: binary macro F1 0.9920 | multiclass macro F1 1.0000
19:26:25 | INFO    |   cnn fold 0: 103 train / 46 validation / 41 test | best epoch 6 | macro F1 0.7960
19:26:25 | INFO    |   cnn fold 1: 87 train / 46 validation / 57 test | best epoch 6 | macro F1 0.6889
19:26:26 | INFO    |   cnn fold 0: 103 train / 46 validation / 41 test | best epoch 6 | macro F1 0.5335
19:26:26 | INFO    |   cnn fold 1: 87 train / 46 validation / 57 test | best epoch 6 | macro F1 0.7429
19:26:26 | INFO    |   matrix cnn_1d: binary macro F1 0.7386 | multiclass macro F1 0.6573
19:26:26 | WARNING |   matrix binary_degradation: methods covered different samples; comparison re-scored on the 98 samples every method evaluated
19:26:27 | WARNING |   matrix multiclass_trajectory: methods covered different samples; comparison re-scored on the 98 samples every method evaluated
19:26:27 | INFO    | table written: experiment_matrix.csv
19:26:28 | INFO    | STAGE 9/9  ablation, sensitivity and temporal holdout
19:26:29 | INFO    |   ablation A_basic_vegetation    9 features | macro F1 0.9701 (fold mean 0.9683 +/- 0.0112)
19:26:29 | INFO    |   ablation B_basic_trend        14 features | macro F1 0.9643 (fold mean 0.9595 +/- 0.0354)
19:26:30 | INFO    |   ablation C_add_restrend       19 features | macro F1 1.0000 (fold mean 1.0000 +/- 0.0000)
19:26:30 | INFO    |   ablation D_add_cyclicity      25 features | macro F1 1.0000 (fold mean 1.0000 +/- 0.0000)
19:26:31 | INFO    |   ablation E_add_disturbance    40 features | macro F1 1.0000 (fold mean 1.0000 +/- 0.0000)
19:26:32 | INFO    |   ablation F_full               45 features | macro F1 1.0000 (fold mean 1.0000 +/- 0.0000)
19:26:32 | INFO    | table written: ablation_comparison.csv
19:26:33 | INFO    |   sensitivity trend.alpha                            = 0.01   | periodic 0.021 | degrading 0.200 | macro F1 1.0000
19:26:34 | INFO    |   sensitivity trend.alpha                            = 0.05   | periodic 0.021 | degrading 0.237 | macro F1 1.0000
19:26:34 | INFO    |   sensitivity trend.alpha                            = 0.1    | periodic 0.021 | degrading 0.263 | macro F1 1.0000
19:26:35 | INFO    |   sensitivity trend.min_obs                          = 8      | periodic 0.021 | degrading 0.237 | macro F1 1.0000
19:26:35 | INFO    |   sensitivity trend.min_obs                          = 10     | periodic 0.021 | degrading 0.237 | macro F1 1.0000
19:26:36 | INFO    |   sensitivity trend.min_obs                          = 14     | periodic 0.021 | degrading 0.237 | macro F1 1.0000
19:26:37 | INFO    | temporal holdout cutoff=23 (23 historical / 13 later steps): accuracy 0.6341, macro F1 0.6230 - NOT a temporal-generalization result on synthetic data
19:26:37 | INFO    | metrics written: results.json
19:26:37 | INFO    | EXPERIMENT COMPLETE -> D:\Projects\land_degradation_M1 (1)\lddeg\results\20260814-192555_m4_m3_smoke_seed42
