19:41:48 | INFO    | experiment 20260814-194144_m4_final_seed42 started (seed=42)
19:41:48 | INFO    | STAGE 1/9  data, quality control, features, trajectories, folds
19:41:48 | INFO    | data source: raster_stack (synthetic development stacks)
19:41:48 | INFO    | grid 200x300, 36 time steps, CRS=EPSG:4326
19:41:48 | INFO    | usable 60000/60000 pixels; analysing 60000
19:42:41 | INFO    | 45 modelling features over 60000 pixels
19:42:41 | INFO    | trajectory classes: Stable 53635, Degrading 3936, Recovering 195, Cyclic 385, Uncertain / Other 1849
19:42:41 | INFO    | 600 model samples (120 per class requested) over 5 spatial folds, block_size=8
19:42:41 | INFO    | metrics written: dataset_metadata.json
19:42:41 | INFO    | metrics written: data_quality.json
19:42:41 | INFO    | metrics written: trajectory_summary.json
19:42:41 | INFO    | metrics written: experiment_summary.json
19:42:41 | INFO    | table written: feature_dictionary.csv
19:42:41 | INFO    | table written: feature_summary.csv
19:42:41 | INFO    | STAGE 2/9  georeferenced layers and temporal figures
19:42:45 | INFO    | wrote 11 georeferenced layers and 6 maps
19:42:52 | INFO    | wrote 5 per-class temporal diagnostic figures
19:42:53 | INFO    | STAGE 3/9  leakage audit
19:42:53 | INFO    | leakage audit: 21 checks, all passed
19:42:53 | INFO    | STAGE 4/9  cyclicity surrogate-data significance
19:42:53 | INFO    | metrics written: cyclicity_surrogate_test.json
19:42:53 | INFO    | surrogate test (ar1 null): 7.2% significant at alpha=0.05 (threshold rule flags 0.5%); agreement 93.3%
19:42:53 | INFO    | STAGE 5/9  Random Forest, spatial block CV and uncertainty
19:42:59 | INFO    | metrics written: spatial_cv_metrics.json
19:43:00 | INFO    | RF spatial CV: accuracy 0.9967 | macro F1 0.9967 | fold macro F1 0.9970 +/- 0.0037
19:43:00 | INFO    | uncertainty: 0.3% flagged; accuracy confident 1.0 vs flagged 0.0
19:43:01 | INFO    | metrics written: random_split_baseline_metrics.json
19:43:19 | INFO    | table written: spatial_buffer_sensitivity.csv
19:43:19 | INFO    | buffer sensitivity: buffer=0 macro F1 0.9967, buffer=1 macro F1 1.0000
19:43:19 | INFO    | STAGE 6/9  map-wide prediction, confidence and vector exports
19:43:26 | INFO    | STAGE 7/9  explainability
19:44:20 | INFO    |   permutation importance (held-out folds), top 5: rain_ndvi_correlation, restrend_r2, break_t, break_dslope, amp
19:44:20 | INFO    |   SHAP: unavailable (optional dependency)
19:44:20 | INFO    | table written: rf_feature_importance.csv
19:44:21 | INFO    | STAGE 8/9  experiment matrix: baseline vs RF vs CNN vs proposed
19:44:21 | INFO    |   matrix baseline_trend (MK+Sen rule): macro F1 0.9532, recall on degradation 1.0000
19:44:28 | INFO    |   matrix rf_basic: binary macro F1 0.9974 | multiclass macro F1 0.9783
19:44:35 | INFO    |   matrix rf_proposed: binary macro F1 0.9948 | multiclass macro F1 0.9967
19:44:39 | INFO    |   cnn fold 0: 362 train / 148 validation / 90 test | best epoch 58 | macro F1 1.0000
19:44:41 | INFO    |   cnn fold 1: 358 train / 89 validation / 153 test | best epoch 43 | macro F1 1.0000
19:44:44 | INFO    |   cnn fold 2: 358 train / 153 validation / 89 test | best epoch 61 | macro F1 1.0000
19:44:46 | INFO    |   cnn fold 3: 391 train / 89 validation / 120 test | best epoch 50 | macro F1 1.0000
19:44:49 | INFO    |   cnn fold 4: 362 train / 90 validation / 148 test | best epoch 78 | macro F1 1.0000
19:44:53 | INFO    |   cnn fold 0: 362 train / 148 validation / 90 test | best epoch 71 | macro F1 1.0000
19:44:55 | INFO    |   cnn fold 1: 358 train / 89 validation / 153 test | best epoch 48 | macro F1 0.9946
19:44:58 | INFO    |   cnn fold 2: 358 train / 153 validation / 89 test | best epoch 64 | macro F1 1.0000
19:45:01 | INFO    |   cnn fold 3: 391 train / 89 validation / 120 test | best epoch 61 | macro F1 0.9900
19:45:04 | INFO    |   cnn fold 4: 362 train / 90 validation / 148 test | best epoch 59 | macro F1 1.0000
19:45:04 | INFO    |   matrix cnn_1d: binary macro F1 1.0000 | multiclass macro F1 0.9967
19:45:04 | INFO    | table written: experiment_matrix.csv
19:45:05 | INFO    | STAGE 9/9  ablation, sensitivity and temporal holdout
19:45:09 | INFO    |   ablation A_basic_vegetation    9 features | macro F1 0.9783 (fold mean 0.9786 +/- 0.0110)
19:45:13 | INFO    |   ablation B_basic_trend        14 features | macro F1 0.9800 (fold mean 0.9804 +/- 0.0133)
19:45:16 | INFO    |   ablation C_add_restrend       19 features | macro F1 0.9967 (fold mean 0.9970 +/- 0.0037)
19:45:20 | INFO    |   ablation D_add_cyclicity      25 features | macro F1 1.0000 (fold mean 1.0000 +/- 0.0000)
19:45:24 | INFO    |   ablation E_add_disturbance    40 features | macro F1 1.0000 (fold mean 1.0000 +/- 0.0000)
19:45:28 | INFO    |   ablation F_full               45 features | macro F1 0.9967 (fold mean 0.9970 +/- 0.0037)
19:45:28 | INFO    | table written: ablation_comparison.csv
19:45:31 | INFO    |   sensitivity trend.alpha                            = 0.01   | periodic 0.005 | degrading 0.210 | macro F1 0.9983
19:45:34 | INFO    |   sensitivity trend.alpha                            = 0.05   | periodic 0.005 | degrading 0.232 | macro F1 0.9983
19:45:37 | INFO    |   sensitivity trend.alpha                            = 0.1    | periodic 0.005 | degrading 0.248 | macro F1 0.9983
19:45:41 | INFO    |   sensitivity trend.min_obs                          = 8      | periodic 0.005 | degrading 0.232 | macro F1 0.9983
19:45:44 | INFO    |   sensitivity trend.min_obs                          = 10     | periodic 0.005 | degrading 0.232 | macro F1 0.9983
19:45:48 | INFO    |   sensitivity trend.min_obs                          = 14     | periodic 0.005 | degrading 0.232 | macro F1 0.9983
19:45:51 | INFO    |   sensitivity restrend.min_r2                        = 0.05   | periodic 0.005 | degrading 0.232 | macro F1 0.9983
19:45:54 | INFO    |   sensitivity restrend.min_r2                        = 0.1    | periodic 0.005 | degrading 0.232 | macro F1 0.9983
19:45:58 | INFO    |   sensitivity restrend.min_r2                        = 0.2    | periodic 0.005 | degrading 0.232 | macro F1 0.9983
19:46:01 | INFO    |   sensitivity cyclicity.min_period                   = 3.0    | periodic 0.000 | degrading 0.232 | macro F1 0.9983
19:46:04 | INFO    |   sensitivity cyclicity.min_period                   = 4.0    | periodic 0.005 | degrading 0.232 | macro F1 0.9983
19:46:08 | INFO    |   sensitivity cyclicity.min_period                   = 5.0    | periodic 0.118 | degrading 0.232 | macro F1 0.9967
19:46:11 | INFO    |   sensitivity cyclicity.max_period                   = 10.0   | periodic 0.025 | degrading 0.232 | macro F1 0.9983
19:46:14 | INFO    |   sensitivity cyclicity.max_period                   = 12.0   | periodic 0.005 | degrading 0.232 | macro F1 0.9983
19:46:17 | INFO    |   sensitivity cyclicity.max_period                   = 14.0   | periodic 0.005 | degrading 0.232 | macro F1 0.9983
19:46:20 | INFO    |   sensitivity cyclicity.periodicity_threshold        = 1.5    | periodic 0.227 | degrading 0.232 | macro F1 0.9983
19:46:24 | INFO    |   sensitivity cyclicity.periodicity_threshold        = 2.0    | periodic 0.005 | degrading 0.232 | macro F1 0.9983
19:46:27 | INFO    |   sensitivity cyclicity.periodicity_threshold        = 3.0    | periodic 0.000 | degrading 0.232 | macro F1 0.9983
19:46:30 | INFO    |   sensitivity breakpoint.min_variance_gain           = 0.03   | periodic 0.005 | degrading 0.232 | macro F1 0.9983
19:46:33 | INFO    |   sensitivity breakpoint.min_variance_gain           = 0.05   | periodic 0.005 | degrading 0.232 | macro F1 0.9983
19:46:36 | INFO    |   sensitivity breakpoint.min_variance_gain           = 0.1    | periodic 0.005 | degrading 0.232 | macro F1 0.9983
19:46:40 | INFO    |   sensitivity recovery.recovery_threshold            = 0.7    | periodic 0.005 | degrading 0.232 | macro F1 0.9983
19:46:43 | INFO    |   sensitivity recovery.recovery_threshold            = 0.8    | periodic 0.005 | degrading 0.232 | macro F1 0.9983
19:46:46 | INFO    |   sensitivity recovery.recovery_threshold            = 0.9    | periodic 0.005 | degrading 0.232 | macro F1 0.9983
19:46:51 | INFO    | temporal holdout cutoff=23 (23 historical / 13 later steps): accuracy 0.7778, macro F1 0.7333 - NOT a temporal-generalization result on synthetic data
19:46:51 | INFO    | metrics written: results.json
19:46:51 | INFO    | EXPERIMENT COMPLETE -> D:\Projects\land_degradation_M1 (1)\lddeg\results\20260814-194144_m4_final_seed42
