02:11:01 | INFO    | experiment 20260814-021101_m2_cli_check_seed7 started (seed=7)
02:11:01 | INFO    | STAGE 1/11  dataset and validity checks
02:11:01 | INFO    | metrics written: dataset_metadata.json
02:11:01 | INFO    | grid 200x300, 36 steps, CRS=EPSG:4326; NDVI 0.129..0.950
02:11:01 | INFO    | STAGE 2/11  data-quality assessment
02:11:01 | INFO    | metrics written: data_quality.json
02:11:01 | INFO    | usable 60000/60000 pixels; analysing 3000
02:11:01 | INFO    | STAGE 3/11  temporal analysis and feature engineering
02:11:02 | INFO    | table written: feature_dictionary.csv
02:11:02 | INFO    | table written: feature_summary.csv
02:11:02 | INFO    | 45 features in 7 groups over 3000 pixels
02:11:02 | INFO    | STAGE 4/11  vegetation-trajectory categories
02:11:02 | INFO    | metrics written: trajectory_summary.json
02:11:02 | INFO    |   Stable                 2665 (88.8%)
02:11:02 | INFO    |   Degrading               216 (7.2%)
02:11:02 | INFO    |   Recovering               11 (0.4%)
02:11:02 | INFO    |   Cyclic                   22 (0.7%)
02:11:02 | INFO    |   Uncertain / Other        86 (2.9%)
02:11:02 | INFO    | STAGE 5/11  georeferenced temporal-analysis layers
02:11:03 | INFO    | wrote 11 georeferenced layers
02:11:03 | INFO    | STAGE 6/11  spatial block cross-validation design
02:11:03 | INFO    | block_size=8, folds=3, buffer_blocks=0
02:11:03 | INFO    | STAGE 7/11  Random Forest with spatial block cross-validation
02:11:03 | INFO    | model samples: 143 (30 per class requested)
02:11:04 | INFO    | metrics written: spatial_cv_metrics.json
02:11:04 | INFO    | table written: rf_feature_importance.csv
02:11:04 | INFO    | spatial CV: accuracy 0.9930 | macro F1 0.9933 | weighted F1 0.9930
02:11:04 | INFO    | fold macro F1 0.9916 +/- 0.0118 over 3 folds
02:11:04 | INFO    | metrics written: random_split_baseline_metrics.json
02:11:04 | INFO    | random-split baseline (optimistic): accuracy 1.0000 | macro F1 1.0000
02:11:04 | INFO    | table written: validation_comparison.csv
02:11:04 | INFO    | STAGE 8/11  map-wide prediction and confidence
02:11:05 | INFO    | STAGE 9/11  ablation study A-F
02:11:05 | INFO    |   ablation A_basic_vegetation    9 features | macro F1 0.9378 (fold mean 0.9336 +/- 0.0143)
02:11:05 | INFO    |   ablation B_basic_trend        14 features | macro F1 0.9298 (fold mean 0.9200 +/- 0.0223)
02:11:06 | INFO    |   ablation C_add_restrend       19 features | macro F1 0.9724 (fold mean 0.9650 +/- 0.0283)
02:11:06 | INFO    |   ablation D_add_cyclicity      25 features | macro F1 0.9789 (fold mean 0.9774 +/- 0.0199)
02:11:06 | INFO    |   ablation E_add_disturbance    40 features | macro F1 0.9933 (fold mean 0.9916 +/- 0.0118)
02:11:06 | INFO    |   ablation F_full               45 features | macro F1 0.9933 (fold mean 0.9916 +/- 0.0118)
02:11:06 | INFO    | table written: ablation_comparison.csv
02:11:06 | INFO    | STAGE 10/11  sensitivity analysis
02:11:07 | INFO    |   sensitivity trend.alpha                            = 0.01   | periodic 0.014 | degrading 0.224 | macro F1 1.0000
02:11:07 | INFO    |   sensitivity trend.alpha                            = 0.05   | periodic 0.014 | degrading 0.252 | macro F1 1.0000
02:11:07 | INFO    |   sensitivity trend.alpha                            = 0.1    | periodic 0.014 | degrading 0.259 | macro F1 1.0000
02:11:07 | INFO    |   sensitivity trend.min_obs                          = 8      | periodic 0.014 | degrading 0.252 | macro F1 1.0000
02:11:07 | INFO    |   sensitivity trend.min_obs                          = 10     | periodic 0.014 | degrading 0.252 | macro F1 1.0000
02:11:07 | INFO    |   sensitivity trend.min_obs                          = 14     | periodic 0.014 | degrading 0.252 | macro F1 1.0000
02:11:08 | INFO    | STAGE 11/11  temporal holdout disabled by configuration
02:11:10 | INFO    | metrics written: results.json
02:11:10 | INFO    | EXPERIMENT COMPLETE -> D:\Projects\land_degradation_M1 (1)\lddeg\results\20260814-021101_m2_cli_check_seed7
